// Jest Snapshot v1, https://goo.gl/fbAQLP

exports[`Home Component should render properly 1`] = `
.c1 {
  font-size: 20px;
  font-weight: 400;
  color: inherit;
}

.c0 {
  width: 100%;
  height: 100%;
  background-color: #10161A;
  display: -webkit-box;
  display: -webkit-flex;
  display: -ms-flexbox;
  display: flex;
  -webkit-box-pack: center;
  -webkit-justify-content: center;
  -ms-flex-pack: center;
  justify-content: center;
  -webkit-align-items: center;
  -webkit-box-align: center;
  -ms-flex-align: center;
  align-items: center;
}

<div>
  <div
    class="c0"
  >
    <span
      class="c1"
    >
      Coming Soon
    </span>
  </div>
</div>
`;
